2026-07-28 16:39:41,023 INFO RPC interface 'supervisor' initialized
2026-07-28 16:39:41,023 CRIT Server 'unix_http_server' running without any HTTP authentication checking
2026-07-28 16:39:41,024 INFO daemonizing the supervisord process
2026-07-28 16:39:41,025 INFO supervisord started with pid 79796
2026-07-28 16:39:42,027 INFO spawned: 'ops-control-backend' with pid 79799
2026-07-28 16:39:45,941 INFO success: ops-control-backend entered RUNNING state, process has stayed up for > than 3 seconds (startsecs)
2026-07-28 16:39:52,674 INFO waiting for ops-control-backend to stop
2026-07-28 16:39:52,797 WARN stopped: ops-control-backend (terminated by SIGTERM)
2026-07-28 16:39:52,799 INFO spawned: 'ops-control-backend' with pid 79835
2026-07-28 16:39:56,243 INFO success: ops-control-backend entered RUNNING state, process has stayed up for > than 3 seconds (startsecs)
2026-07-28 17:21:03,107 WARN exited: ops-control-backend (terminated by SIGTERM; not expected)
2026-07-28 17:21:04,109 INFO spawned: 'ops-control-backend' with pid 85365
2026-07-28 17:21:07,562 INFO success: ops-control-backend entered RUNNING state, process has stayed up for > than 3 seconds (startsecs)
2026-07-28 17:21:25,598 WARN exited: ops-control-backend (terminated by SIGTERM; not expected)
2026-07-28 17:21:26,601 INFO spawned: 'ops-control-backend' with pid 85460
2026-07-28 17:21:30,068 INFO success: ops-control-backend entered RUNNING state, process has stayed up for > than 3 seconds (startsecs)
2026-07-28 17:21:39,891 WARN exited: ops-control-backend (terminated by SIGTERM; not expected)
2026-07-28 17:21:40,893 INFO spawned: 'ops-control-backend' with pid 85540
2026-07-28 17:21:44,342 INFO success: ops-control-backend entered RUNNING state, process has stayed up for > than 3 seconds (startsecs)
2026-07-28 17:21:53,972 INFO waiting for ops-control-backend to die
2026-07-28 17:21:54,170 WARN stopped: ops-control-backend (terminated by SIGTERM)
2026-07-28 17:21:57,846 INFO RPC interface 'supervisor' initialized
2026-07-28 17:21:57,846 CRIT Server 'unix_http_server' running without any HTTP authentication checking
2026-07-28 17:21:57,847 INFO daemonizing the supervisord process
2026-07-28 17:21:57,847 INFO supervisord started with pid 85613
2026-07-28 17:21:58,850 INFO spawned: 'ops-control-backend' with pid 85616
2026-07-28 17:21:58,851 INFO spawned: 'ops-control-frontend' with pid 85617
2026-07-28 17:22:02,100 INFO success: ops-control-backend entered RUNNING state, process has stayed up for > than 3 seconds (startsecs)
2026-07-28 17:22:02,100 INFO success: ops-control-frontend entered RUNNING state, process has stayed up for > than 3 seconds (startsecs)
2026-07-28 17:27:43,290 INFO waiting for ops-control-frontend to stop
2026-07-28 17:27:43,294 WARN stopped: ops-control-frontend (terminated by SIGTERM)
2026-07-28 17:27:43,295 INFO spawned: 'ops-control-frontend' with pid 87382
2026-07-28 17:27:46,500 INFO success: ops-control-frontend entered RUNNING state, process has stayed up for > than 3 seconds (startsecs)
2026-07-28 17:36:02,489 INFO waiting for ops-control-backend to stop
2026-07-28 17:36:02,685 WARN stopped: ops-control-backend (terminated by SIGTERM)
2026-07-28 17:36:02,686 INFO spawned: 'ops-control-backend' with pid 89294
2026-07-28 17:36:06,172 INFO success: ops-control-backend entered RUNNING state, process has stayed up for > than 3 seconds (startsecs)
2026-07-28 17:38:02,308 INFO waiting for ops-control-frontend to stop
2026-07-28 17:38:02,312 WARN stopped: ops-control-frontend (terminated by SIGTERM)
2026-07-28 17:38:02,314 INFO spawned: 'ops-control-frontend' with pid 89537
2026-07-28 17:38:05,516 INFO success: ops-control-frontend entered RUNNING state, process has stayed up for > than 3 seconds (startsecs)
2026-07-28 17:40:52,924 INFO waiting for ops-control-backend to stop
2026-07-28 17:40:53,041 WARN stopped: ops-control-backend (terminated by SIGTERM)
2026-07-28 17:40:53,043 INFO spawned: 'ops-control-backend' with pid 90590
2026-07-28 17:40:56,493 INFO success: ops-control-backend entered RUNNING state, process has stayed up for > than 3 seconds (startsecs)
2026-07-28 17:42:32,973 INFO waiting for ops-control-backend to stop
2026-07-28 17:42:33,172 WARN stopped: ops-control-backend (terminated by SIGTERM)
2026-07-28 17:42:33,174 INFO spawned: 'ops-control-backend' with pid 91256
2026-07-28 17:42:36,619 INFO success: ops-control-backend entered RUNNING state, process has stayed up for > than 3 seconds (startsecs)
2026-07-28 17:44:25,616 INFO waiting for ops-control-backend to stop
2026-07-28 17:44:25,767 WARN stopped: ops-control-backend (terminated by SIGTERM)
2026-07-28 17:44:25,768 INFO spawned: 'ops-control-backend' with pid 91720
2026-07-28 17:44:29,214 INFO success: ops-control-backend entered RUNNING state, process has stayed up for > than 3 seconds (startsecs)
2026-07-28 17:48:14,236 INFO waiting for ops-control-backend to stop
2026-07-28 17:48:14,421 WARN stopped: ops-control-backend (terminated by SIGTERM)
2026-07-28 17:48:14,422 INFO waiting for ops-control-frontend to stop
2026-07-28 17:48:14,425 WARN stopped: ops-control-frontend (terminated by SIGTERM)
2026-07-28 17:48:14,427 INFO spawned: 'ops-control-backend' with pid 92859
2026-07-28 17:48:17,949 INFO success: ops-control-backend entered RUNNING state, process has stayed up for > than 3 seconds (startsecs)
2026-07-28 17:48:17,956 INFO spawned: 'ops-control-frontend' with pid 92865
2026-07-28 17:48:21,234 INFO success: ops-control-frontend entered RUNNING state, process has stayed up for > than 3 seconds (startsecs)
2026-07-28 18:00:34,881 INFO waiting for ops-control-frontend to stop
2026-07-28 18:00:34,884 WARN stopped: ops-control-frontend (terminated by SIGTERM)
2026-07-28 18:00:34,886 INFO spawned: 'ops-control-frontend' with pid 96260
2026-07-28 18:00:38,086 INFO success: ops-control-frontend entered RUNNING state, process has stayed up for > than 3 seconds (startsecs)
2026-07-28 18:02:23,310 INFO waiting for ops-control-backend to stop
2026-07-28 18:02:25,310 INFO waiting for ops-control-backend to stop
2026-07-28 18:02:27,310 INFO waiting for ops-control-backend to stop
2026-07-28 18:02:29,310 INFO waiting for ops-control-backend to stop
2026-07-28 18:02:31,310 INFO waiting for ops-control-backend to stop
2026-07-28 18:02:33,310 WARN killing 'ops-control-backend' (92859) with SIGKILL
2026-07-28 18:02:33,310 INFO waiting for ops-control-backend to stop
2026-07-28 18:02:33,317 WARN stopped: ops-control-backend (terminated by SIGKILL)
2026-07-28 18:02:33,319 INFO spawned: 'ops-control-backend' with pid 97086
2026-07-28 18:02:36,772 INFO success: ops-control-backend entered RUNNING state, process has stayed up for > than 3 seconds (startsecs)
2026-07-28 18:10:42,866 INFO waiting for ops-control-frontend to stop
2026-07-28 18:10:42,870 WARN stopped: ops-control-frontend (terminated by SIGTERM)
2026-07-28 18:10:42,871 INFO spawned: 'ops-control-frontend' with pid 98161
2026-07-28 18:10:46,068 INFO success: ops-control-frontend entered RUNNING state, process has stayed up for > than 3 seconds (startsecs)
2026-07-28 18:17:40,001 INFO waiting for ops-control-frontend to stop
2026-07-28 18:17:40,005 WARN stopped: ops-control-frontend (terminated by SIGTERM)
2026-07-28 18:17:40,007 INFO spawned: 'ops-control-frontend' with pid 99205
2026-07-28 18:17:43,209 INFO success: ops-control-frontend entered RUNNING state, process has stayed up for > than 3 seconds (startsecs)
2026-07-28 18:46:22,051 INFO waiting for ops-control-backend to stop
2026-07-28 18:46:24,051 INFO waiting for ops-control-backend to stop
2026-07-28 18:46:26,051 INFO waiting for ops-control-backend to stop
2026-07-28 18:46:28,051 INFO waiting for ops-control-backend to stop
2026-07-28 18:46:30,051 INFO waiting for ops-control-backend to stop
2026-07-28 18:46:32,051 WARN killing 'ops-control-backend' (97086) with SIGKILL
2026-07-28 18:46:32,051 INFO waiting for ops-control-backend to stop
2026-07-28 18:46:32,058 WARN stopped: ops-control-backend (terminated by SIGKILL)
2026-07-28 18:46:32,063 INFO spawned: 'ops-control-backend' with pid 101183
2026-07-28 18:46:35,520 INFO success: ops-control-backend entered RUNNING state, process has stayed up for > than 3 seconds (startsecs)
2026-07-28 18:50:47,773 INFO waiting for ops-control-backend to stop
2026-07-28 18:50:47,953 WARN stopped: ops-control-backend (terminated by SIGTERM)
2026-07-28 18:50:47,953 INFO waiting for ops-control-frontend to stop
2026-07-28 18:50:47,957 WARN stopped: ops-control-frontend (terminated by SIGTERM)
2026-07-28 18:50:47,961 INFO spawned: 'ops-control-backend' with pid 101841
2026-07-28 18:50:51,413 INFO success: ops-control-backend entered RUNNING state, process has stayed up for > than 3 seconds (startsecs)
2026-07-28 18:50:51,418 INFO spawned: 'ops-control-frontend' with pid 101867
2026-07-28 18:50:54,616 INFO success: ops-control-frontend entered RUNNING state, process has stayed up for > than 3 seconds (startsecs)
2026-07-28 19:02:21,895 INFO waiting for ops-control-frontend to stop
2026-07-28 19:02:21,899 WARN stopped: ops-control-frontend (terminated by SIGTERM)
2026-07-28 19:02:21,900 INFO spawned: 'ops-control-frontend' with pid 105114
2026-07-28 19:02:25,102 INFO success: ops-control-frontend entered RUNNING state, process has stayed up for > than 3 seconds (startsecs)
2026-07-28 23:40:03,810 WARN exited: ops-control-frontend (terminated by SIGHUP; not expected)
2026-07-28 23:40:03,810 WARN received SIGTERM indicating exit request
2026-07-28 23:40:03,810 INFO waiting for ops-control-backend to die
2026-07-28 23:40:03,813 WARN ignored SIGHUP indicating restart request (shutdown in progress)
2026-07-28 23:40:04,814 WARN stopped: ops-control-backend (terminated by SIGHUP)
2026-07-29 10:44:23,604 INFO RPC interface 'supervisor' initialized
2026-07-29 10:44:23,604 CRIT Server 'unix_http_server' running without any HTTP authentication checking
2026-07-29 10:44:23,605 INFO daemonizing the supervisord process
2026-07-29 10:44:23,605 INFO supervisord started with pid 6952
2026-07-29 10:44:24,608 INFO spawned: 'ops-control-backend' with pid 6955
2026-07-29 10:44:24,612 INFO spawned: 'ops-control-frontend' with pid 6956
2026-07-29 10:44:27,890 INFO success: ops-control-backend entered RUNNING state, process has stayed up for > than 3 seconds (startsecs)
2026-07-29 10:44:27,890 INFO success: ops-control-frontend entered RUNNING state, process has stayed up for > than 3 seconds (startsecs)
2026-07-29 10:58:53,829 INFO waiting for ops-control-frontend to stop
2026-07-29 10:58:53,835 WARN stopped: ops-control-frontend (terminated by SIGTERM)
2026-07-29 10:58:53,837 INFO spawned: 'ops-control-frontend' with pid 9301
2026-07-29 10:58:57,038 INFO success: ops-control-frontend entered RUNNING state, process has stayed up for > than 3 seconds (startsecs)
2026-07-29 10:59:05,431 INFO waiting for ops-control-frontend to stop
2026-07-29 10:59:05,433 WARN stopped: ops-control-frontend (terminated by SIGTERM)
2026-07-29 10:59:05,435 INFO spawned: 'ops-control-frontend' with pid 9397
2026-07-29 10:59:08,635 INFO success: ops-control-frontend entered RUNNING state, process has stayed up for > than 3 seconds (startsecs)
2026-07-29 11:05:38,800 INFO waiting for ops-control-backend to stop
2026-07-29 11:05:40,800 INFO waiting for ops-control-backend to stop
2026-07-29 11:05:42,800 INFO waiting for ops-control-backend to stop
2026-07-29 11:05:44,800 INFO waiting for ops-control-backend to stop
2026-07-29 11:05:46,800 INFO waiting for ops-control-backend to stop
2026-07-29 11:05:48,800 WARN killing 'ops-control-backend' (6955) with SIGKILL
2026-07-29 11:05:48,800 INFO waiting for ops-control-backend to stop
2026-07-29 11:05:48,806 WARN stopped: ops-control-backend (terminated by SIGKILL)
2026-07-29 11:05:48,808 INFO spawned: 'ops-control-backend' with pid 10348
2026-07-29 11:05:52,256 INFO success: ops-control-backend entered RUNNING state, process has stayed up for > than 3 seconds (startsecs)
2026-07-29 11:11:16,088 INFO waiting for ops-control-backend to stop
2026-07-29 11:11:16,266 WARN stopped: ops-control-backend (terminated by SIGTERM)
2026-07-29 11:11:16,267 INFO spawned: 'ops-control-backend' with pid 10995
2026-07-29 11:11:19,714 INFO success: ops-control-backend entered RUNNING state, process has stayed up for > than 3 seconds (startsecs)
2026-07-29 11:36:47,720 INFO waiting for ops-control-backend to stop
2026-07-29 11:36:47,847 WARN stopped: ops-control-backend (terminated by SIGTERM)
2026-07-29 11:36:47,848 INFO spawned: 'ops-control-backend' with pid 14516
2026-07-29 11:36:51,295 INFO success: ops-control-backend entered RUNNING state, process has stayed up for > than 3 seconds (startsecs)
